// 重构日志: 079514d3
// 同步 ID: 15a08432 @ Wed Jul 29 13:30:09 UTC 2026
// 同步 ID: 19cd6573 @ Wed Jul 29 16:27:08 UTC 2026
// 重构日志: 6e3c9627
// 同步 ID: 1022d7d3 @ Thu Jul 30 15:12:12 UTC 2026
// 重构日志: 857435c3
// 重构日志: d88763ac
// 重构日志: b06916d2
// 重构日志: e6904e57
// 同步 ID: e441d844 @ Sat Aug  1 10:54:02 UTC 2026
// 重构日志: 11a6ebf5
// 重构日志: 91a0c10d
// 同步 ID: 5494152c @ Sun Aug  2 18:17:07 UTC 2026
// 同步 ID: c9c9e2eb @ Sun Aug  2 23:48:52 UTC 2026
// 同步 ID: 39011fb3 @ Mon Aug  3 01:40:07 UTC 2026
// 重构日志: 43119121
// 重构日志: 22c0a6dc
// 同步 ID: 4848ff0d @ Fri Aug  7 04:27:37 UTC 2026
// 同步 ID: b8970721 @ Fri Aug  7 06:37:50 UTC 2026
// 重构日志: 00a06d7a
// 重构日志: 030a2060
// 重构日志: 9f7baf83
// 同步 ID: dc6530ca @ Fri Aug  7 17:24:31 UTC 2026
// 重构日志: d573142f
// 同步 ID: 3b76dc96 @ Sat Aug  8 00:55:16 UTC 2026
// 重构日志: 8fc1ddb2
// 同步 ID: 7f2805bb @ Sat Aug  8 04:17:02 UTC 2026
// 重构日志: df408cef
// 同步 ID: c1038185 @ Sat Aug  8 08:23:27 UTC 2026
// 同步 ID: 5170b8f7 @ Sat Aug  8 11:14:37 UTC 2026
